C51 COMPILER V9.54   MAIN                                                                  02/14/2018 03:02:12 PAGE 1   


C51 COMPILER V9.54, COMPILATION OF MODULE MAIN
OBJECT MODULE PLACED IN .\Objects\main.obj
COMPILER INVOKED BY: D:\Keil_v5\C51\BIN\C51.EXE main.c OPTIMIZE(8,SPEED) BROWSE DEBUG OBJECTEXTEND PRINT(.\Listings\main
                    -.lst) TABS(2) OBJECT(.\Objects\main.obj)

line level    source

   1          #include "main.h"
   2          #include "DHT22.h"
   3          #include "intrins.h"
   4          //#define _nop_() asm("nop")
   5          uint8_t DHT22_8C51_cb(dht22_t *dht, uint8_t msg);
   6          void Delay2000ms();
   7          dht22_t mydht;
   8          dht22_t youdht;
   9          void main( void )
  10          {
  11   1        float hu,tm;
  12   1        int16_t hh,tmm;
  13   1        DHT22_Init(&mydht,DHT22_8C51_cb);
  14   1        DHT22_Init(&youdht,DHT22_8C51_cb);
  15   1        while(1)
  16   1        {
  17   2          DHT22_Read(&mydht);
  18   2          DHT22_Read(&youdht);
  19   2          P1 = mydht.DHT22_RXD_Buff[0];
  20   2          P2 = youdht.DHT22_RXD_Buff[1];
  21   2          DHT22_Fget(&mydht,&hu,&tm);
  22   2          DHT22_Fget(&youdht,&hu,&tm);
  23   2          DHT22_Iget(&mydht,&hh,&tmm);
  24   2          DHT22_Iget(&youdht,&hh,&tmm);
  25   2          Delay2000ms();
  26   2        }
  27   1      }
  28          
  29          void Delay2000ms()    //@120.000MHz
  30          {
  31   1        unsigned char i, j, k;
  32   1      
  33   1        _nop_();
  34   1        i = 152;
  35   1        j = 254;
  36   1        k = 230;
  37   1        do
  38   1        {
  39   2          do
  40   2          {
  41   3            while (--k);
  42   3          } while (--j);
  43   2        } while (--i);
  44   1      }
  45          void Delay18ms()    //@120.000MHz
  46          {
  47   1        unsigned char i, j, k;
  48   1      
  49   1        _nop_();
  50   1        i = 2;
  51   1        j = 95;
  52   1        k = 43;
  53   1        do
  54   1        {
C51 COMPILER V9.54   MAIN                                                                  02/14/2018 03:02:12 PAGE 2   

  55   2          do
  56   2          {
  57   3            while (--k);
  58   3          } while (--j);
  59   2        } while (--i);
  60   1      }
  61          void Delay1ms()   //@120.000MHz
  62          {
  63   1        unsigned char i, j;
  64   1      
  65   1        i = 20;
  66   1        j = 113;
  67   1        do
  68   1        {
  69   2          while (--j);
  70   2        } while (--i);
  71   1      }
  72          
  73          void Delay30us()    //@120.000MHz
  74          {
  75   1        unsigned char i;
  76   1      
  77   1        _nop_();
  78   1        i = 147;
  79   1        while (--i);
  80   1      }
  81          uint8_t DHT22_8C51_cb(dht22_t *dht, uint8_t msg)
  82          {
  83   1        switch(msg)
  84   1        {
  85   2        case DHT22_MSG_2S_DELAY://”√”⁄…œµÁ≥ı ºªØŒ»∂®DHT22,»Áπ˚≤ª–Ë“™«˝∂Øƒ⁄≤ø…œµÁŒ»∂®£¨’‚¿Ôø…“‘¡Ùø’£¨»ª∫Û◊‘º∫ÃÌº”¥
             -˙¬Î…œµÁŒ»∂®
  86   2          Delay2000ms();
  87   2        break;
  88   2        case DHT22_MSG_18MS_DELAY:
  89   2            Delay18ms();
  90   2        break;
  91   2        case DHT22_MSG_1MS_DELAY:
  92   2          Delay1ms();
  93   2        break;
  94   2        
  95   2        case DHT22_MSG_30US_DELAY:
  96   2          Delay30us();
  97   2        break;
  98   2        case DHT22_MSG_READ_SDA: 
  99   2          if(dht == &mydht)  return (P3&0x01);
 100   2          if(dht == &youdht) return (P3&0x02);
 101   2        break;
 102   2        case DHT22_MSG_SDA_HIGH:
 103   2          if(dht == &mydht)(P3|=0x01);
 104   2          if(dht == &youdht)(P3|=0x02);
 105   2        break;
 106   2        case DHT22_MSG_SDA_LOW:
 107   2          if(dht == &mydht)(P3&=~0x01);
 108   2          if(dht == &youdht)(P3&=~0x02);
 109   2        break;
 110   2        default:return 0xFF;
 111   2        }
 112   1        return 0;
 113   1      }


C51 COMPILER V9.54   MAIN                                                                  02/14/2018 03:02:12 PAGE 3   

MODULE INFORMATION:   STATIC OVERLAYABLE
   CODE SIZE        =    459    ----
   CONSTANT SIZE    =   ----    ----
   XDATA SIZE       =   ----    ----
   PDATA SIZE       =   ----    ----
   DATA SIZE        =     16      15
   IDATA SIZE       =   ----    ----
   BIT SIZE         =   ----    ----
END OF MODULE INFORMATION.


C51 COMPILATION COMPLETE.  0 WARNING(S),  0 ERROR(S)
